43.154.8.109 - - [29/Oct/2023:13:52:05 +0000] "HEAD /Core/Skin/Login.aspx HTTP/1.1" 404 169 "-" "Mozilla/5.0 (Windows NT 10.0; Win64; x64) AppleWebKit/537.36 (KHTML, like Gecko) Chrome/106.0.0.0 Safari/537.36"
135.125.244.48 - - [29/Oct/2023:14:48:20 +0000] "GET /.env HTTP/1.1" 404 6869 "-" "Mozilla/5.0 (X11; Linux x86_64) AppleWebKit/537.36 (KHTML, like Gecko) Chrome/81.0.4044.129 Safari/537.36"
135.125.244.48 - - [29/Oct/2023:14:48:21 +0000] "POST / HTTP/1.1" 405 221343 "-" "Mozilla/5.0 (X11; Linux x86_64) AppleWebKit/537.36 (KHTML, like Gecko) Chrome/81.0.4044.129 Safari/537.36"
185.254.196.173 - - [29/Oct/2023:15:10:33 +0000] "GET /.env HTTP/1.1" 404 6869 "-" "Mozilla/5.0 (X11; Linux x86_64) AppleWebKit/537.36 (KHTML, like Gecko) Chrome/81.0.4044.129 Safari/537.36"
43.154.8.109 - - [29/Oct/2023:15:33:06 +0000] "HEAD /Core/Skin/Login.aspx HTTP/1.1" 404 169 "-" "Mozilla/5.0 (Windows NT 10.0; Win64; x64) AppleWebKit/537.36 (KHTML, like Gecko) Chrome/106.0.0.0 Safari/537.36"
185.36.81.33 - - [29/Oct/2023:15:43:43 +0000] "GET / HTTP/1.1" 200 8314 "-" "Mozilla/5.0 (Windows NT 10.0; Win64; x64) AppleWebKit/537.36 (KHTML, like Gecko) Chrome/90.0.4430.85 Safari/537.36 Edg/90.0.818.46"
45.79.181.223 - - [29/Oct/2023:15:50:05 +0000] "\x16\x03\x01" 400 483 "-" "-"
109.237.97.180 - - [29/Oct/2023:16:00:26 +0000] "GET /.env HTTP/1.1" 404 6869 "-" "Mozilla/5.0 (X11; Linux x86_64) AppleWebKit/537.36 (KHTML, like Gecko) Chrome/81.0.4044.129 Safari/537.36"
109.237.97.180 - - [29/Oct/2023:16:00:26 +0000] "\x16\x03\x01\x01H\x01" 400 483 "-" "-"
135.125.244.48 - - [29/Oct/2023:16:11:26 +0000] "GET /.env HTTP/1.1" 404 6869 "-" "Mozilla/5.0 (X11; Linux x86_64) AppleWebKit/537.36 (KHTML, like Gecko) Chrome/81.0.4044.129 Safari/537.36"
135.125.244.48 - - [29/Oct/2023:16:11:27 +0000] "POST / HTTP/1.1" 405 221343 "-" "Mozilla/5.0 (X11; Linux x86_64) AppleWebKit/537.36 (KHTML, like Gecko) Chrome/81.0.4044.129 Safari/537.36"
35.195.93.98 - - [29/Oct/2023:16:48:31 +0000] "GET / HTTP/1.1" 200 8314 "-" "python-requests/2.31.0"
43.154.8.109 - - [29/Oct/2023:17:12:35 +0000] "HEAD /Core/Skin/Login.aspx HTTP/1.1" 404 169 "-" "Mozilla/5.0 (Windows NT 10.0; Win64; x64) AppleWebKit/537.36 (KHTML, like Gecko) Chrome/106.0.0.0 Safari/537.36"
20.208.128.0 - - [29/Oct/2023:17:17:40 +0000] "GET //.env HTTP/1.1" 404 6813 "-" "Go-http-client/1.1"
172.105.128.13 - - [29/Oct/2023:17:46:23 +0000] "\x16\x03\x01" 400 483 "-" "-"
185.254.196.186 - - [29/Oct/2023:17:47:01 +0000] "GET /.env HTTP/1.1" 404 6869 "-" "Mozilla/5.0 (X11; Linux x86_64) AppleWebKit/537.36 (KHTML, like Gecko) Chrome/81.0.4044.129 Safari/537.36"
185.254.196.186 - - [29/Oct/2023:17:47:02 +0000] "POST / HTTP/1.1" 405 221341 "-" "Mozilla/5.0 (X11; Linux x86_64) AppleWebKit/537.36 (KHTML, like Gecko) Chrome/81.0.4044.129 Safari/537.36"
18.212.226.163 - - [29/Oct/2023:18:02:54 +0000] "GET / HTTP/1.1" 200 8277 "-" "Mozilla/5.0 (Macintosh; Intel Mac OS X 10_14_5) AppleWebKit/537.36 (KHTML, like Gecko) Chrome/76.0.3809.87 Safari/537.36"
18.212.226.163 - - [29/Oct/2023:18:08:23 +0000] "GET / HTTP/1.1" 200 8277 "-" "Mozilla/5.0 (Linux; Android 8.0.0; SM-G965U) AppleWebKit/537.36 (KHTML, like Gecko) Chrome/76.0.3809.89 Mobile Safari/537.36"
135.125.244.48 - - [29/Oct/2023:18:36:50 +0000] "GET /.env HTTP/1.1" 404 6869 "-" "Mozilla/5.0 (X11; Linux x86_64) AppleWebKit/537.36 (KHTML, like Gecko) Chrome/81.0.4044.129 Safari/537.36"
135.125.244.48 - - [29/Oct/2023:18:36:51 +0000] "POST / HTTP/1.1" 405 221341 "-" "Mozilla/5.0 (X11; Linux x86_64) AppleWebKit/537.36 (KHTML, like Gecko) Chrome/81.0.4044.129 Safari/537.36"
43.154.8.109 - - [29/Oct/2023:18:48:37 +0000] "HEAD /Core/Skin/Login.aspx HTTP/1.1" 404 169 "-" "Mozilla/5.0 (Windows NT 10.0; Win64; x64) AppleWebKit/537.36 (KHTML, like Gecko) Chrome/106.0.0.0 Safari/537.36"
117.205.105.21 - - [29/Oct/2023:19:03:21 +0000] "GET / HTTP/1.1" 200 28640 "-" "Mozilla/5.0 (Windows NT 6.1; WOW64) AppleWebKit/537.36 (KHTML, like Gecko) Chrome/51.0.2704.103 Safari/537.36"
185.254.196.186 - - [29/Oct/2023:19:11:38 +0000] "GET /.env HTTP/1.1" 404 6869 "-" "Mozilla/5.0 (X11; Linux x86_64) AppleWebKit/537.36 (KHTML, like Gecko) Chrome/81.0.4044.129 Safari/537.36"
185.254.196.186 - - [29/Oct/2023:19:11:39 +0000] "POST / HTTP/1.1" 405 221343 "-" "Mozilla/5.0 (X11; Linux x86_64) AppleWebKit/537.36 (KHTML, like Gecko) Chrome/81.0.4044.129 Safari/537.36"
34.208.218.63 - - [29/Oct/2023:19:15:48 +0000] "GET /.env HTTP/1.1" 404 6869 "-" "Mozilla/5.0 (X11; Linux x86_64) AppleWebKit/537.36 (KHTML, like Gecko) Chrome/81.0.4044.129 Safari/537.36"
34.208.218.63 - - [29/Oct/2023:19:15:49 +0000] "POST / HTTP/1.1" 405 221341 "-" "Mozilla/5.0 (X11; Linux x86_64) AppleWebKit/537.36 (KHTML, like Gecko) Chrome/81.0.4044.129 Safari/537.36"
34.208.218.63 - - [29/Oct/2023:19:15:50 +0000] "GET /sendgrid/.env HTTP/1.1" 404 6869 "-" "Mozilla/5.0 (X11; Linux x86_64) AppleWebKit/537.36 (KHTML, like Gecko) Chrome/81.0.4044.129 Safari/537.36"
34.208.218.63 - - [29/Oct/2023:19:15:51 +0000] "POST / HTTP/1.1" 405 221341 "-" "Mozilla/5.0 (X11; Linux x86_64) AppleWebKit/537.36 (KHTML, like Gecko) Chrome/81.0.4044.129 Safari/537.36"
135.125.244.48 - - [29/Oct/2023:19:46:35 +0000] "GET /.env HTTP/1.1" 404 6869 "-" "Mozilla/5.0 (X11; Linux x86_64) AppleWebKit/537.36 (KHTML, like Gecko) Chrome/81.0.4044.129 Safari/537.36"
135.125.244.48 - - [29/Oct/2023:19:46:35 +0000] "POST / HTTP/1.1" 405 221343 "-" "Mozilla/5.0 (X11; Linux x86_64) AppleWebKit/537.36 (KHTML, like Gecko) Chrome/81.0.4044.129 Safari/537.36"
205.210.31.173 - - [29/Oct/2023:20:05:14 +0000] "GET / HTTP/1.0" 200 28656 "-" "Expanse, a Palo Alto Networks company, searches across the global IPv4 space multiple times per day to identify customers&#39; presences on the Internet. If you would like to be excluded from our scans, please send IP addresses/domains to: scaninfo@paloaltonetworks.com"
34.208.218.63 - - [29/Oct/2023:20:17:41 +0000] "POST / HTTP/1.1" 405 221343 "-" "Mozilla/5.0 (Macintosh;                 Intel Mac OS X 10_10_1) AppleWebKit/537.36 (KHTML,                 like Gecko) Chrome/39.0.2171.95 Safari/537.36"
34.208.218.63 - - [29/Oct/2023:20:17:42 +0000] "\x16\x03\x01\x02" 400 483 "-" "-"
34.208.218.63 - - [29/Oct/2023:20:17:43 +0000] "GET /.env HTTP/1.1" 404 6869 "-" "Mozilla/5.0 (Macintosh;                 Intel Mac OS X 10_10_1) AppleWebKit/537.36 (KHTML,                 like Gecko) Chrome/39.0.2171.95 Safari/537.36"
34.208.218.63 - - [29/Oct/2023:20:17:46 +0000] "\x16\x03\x01\x02" 400 483 "-" "-"
34.208.218.63 - - [29/Oct/2023:20:17:49 +0000] "\x16\x03\x01\x02" 400 483 "-" "-"
27.74.240.14 - - [29/Oct/2023:20:18:44 +0000] "GET /admin/.env HTTP/1.1" 404 6869 "-" "Mozilla/5.0 (X11; Linux x86_64) AppleWebKit/537.36 (KHTML, like Gecko) Chrome/81.0.4044.129 Safari/537.36"
27.74.240.14 - - [29/Oct/2023:20:18:45 +0000] "POST /admin HTTP/1.1" 404 6869 "-" "Mozilla/5.0 (X11; Linux x86_64) AppleWebKit/537.36 (KHTML, like Gecko) Chrome/81.0.4044.129 Safari/537.36"
43.154.8.109 - - [29/Oct/2023:20:22:38 +0000] "HEAD /Core/Skin/Login.aspx HTTP/1.1" 404 169 "-" "Mozilla/5.0 (Windows NT 10.0; Win64; x64) AppleWebKit/537.36 (KHTML, like Gecko) Chrome/106.0.0.0 Safari/537.36"
185.254.196.186 - - [29/Oct/2023:20:34:09 +0000] "GET /.env HTTP/1.1" 404 6869 "-" "Mozilla/5.0 (X11; Linux x86_64) AppleWebKit/537.36 (KHTML, like Gecko) Chrome/81.0.4044.129 Safari/537.36"
185.254.196.186 - - [29/Oct/2023:20:34:10 +0000] "POST / HTTP/1.1" 405 221341 "-" "Mozilla/5.0 (X11; Linux x86_64) AppleWebKit/537.36 (KHTML, like Gecko) Chrome/81.0.4044.129 Safari/537.36"
23.22.147.104 - - [29/Oct/2023:21:00:39 +0000] "GET / HTTP/1.1" 200 8277 "-" "Mozilla/5.0 (Macintosh; Intel Mac OS X 10_15_6) AppleWebKit/605.1.15 (KHTML, like Gecko) Version/15.4 Mobile/15E148 Safari/604.1"
63.214.171.26 - - [29/Oct/2023:21:17:30 +0000] "GET /.env HTTP/1.1" 404 6869 "-" "Mozilla/5.0 (X11; Linux x86_64) AppleWebKit/537.36 (KHTML, like Gecko) Chrome/81.0.4044.129 Safari/537.36"
63.214.171.26 - - [29/Oct/2023:21:17:30 +0000] "POST / HTTP/1.1" 405 221341 "-" "Mozilla/5.0 (X11; Linux x86_64) AppleWebKit/537.36 (KHTML, like Gecko) Chrome/81.0.4044.129 Safari/537.36"
137.184.58.197 - - [29/Oct/2023:21:34:22 +0000] "\x16\x03\x01" 400 483 "-" "-"
137.184.58.197 - - [29/Oct/2023:21:34:22 +0000] "\x16\x03\x01" 400 483 "-" "-"
137.184.58.197 - - [29/Oct/2023:21:34:22 +0000] "GET / HTTP/1.1" 200 8258 "-" "Mozilla/5.0 (Windows NT 10.0; Win64; x64) AppleWebKit/537.36 (KHTML, like Gecko) Chrome/108.0.0.0 Safari/537.36"
137.184.58.197 - - [29/Oct/2023:21:34:22 +0000] "GET /form.html HTTP/1.1" 404 6813 "-" "curl/8.1.2"
137.184.58.197 - - [29/Oct/2023:21:34:22 +0000] "GET /upl.php HTTP/1.1" 404 6813 "-" "Mozilla/5.0"
137.184.58.197 - - [29/Oct/2023:21:34:22 +0000] "\x16\x03\x01" 400 483 "-" "-"
137.184.58.197 - - [29/Oct/2023:21:34:23 +0000] "GET /geoip/ HTTP/1.1" 301 514 "-" "Mozilla/5.0 (Windows NT 10.0; Win64; x64) AppleWebKit/537.36 (KHTML, like Gecko) Chrome/108.0.0.0 Safari/537.36"
137.184.58.197 - - [29/Oct/2023:21:34:23 +0000] "GET / HTTP/1.1" 200 8258 "-" "Mozilla/5.0 (iPhone; CPU iPhone OS 13_3_1 like Mac OS X) AppleWebKit/605.1.15 (KHTML, like Gecko) Version/13.0.5 Mobile/15E148 Snapchat/10.77.0.54 (like Safari/604.1)"
137.184.58.197 - - [29/Oct/2023:21:34:23 +0000] "GET /favicon.ico HTTP/1.1" 200 240 "-" "Mozilla/5.0 (Windows NT 10.0; Win64; x64) AppleWebKit/537.36 (KHTML, like Gecko) Chrome/108.0.0.0 Safari/537.36"
137.184.58.197 - - [29/Oct/2023:21:34:23 +0000] "GET /1.php HTTP/1.1" 404 6813 "-" "Mozilla/5.0 (Windows NT 10.0; Win64; x64) AppleWebKit/537.36 (KHTML, like Gecko) Chrome/108.0.0.0 Safari/537.36"
137.184.58.197 - - [29/Oct/2023:21:34:23 +0000] "GET /bundle.js HTTP/1.1" 404 6813 "-" "Mozilla/5.0 (Windows NT 10.0; Win64; x64) AppleWebKit/537.36 (KHTML, like Gecko) Chrome/108.0.0.0 Safari/537.36"
137.184.58.197 - - [29/Oct/2023:21:34:23 +0000] "GET /files/ HTTP/1.1" 301 514 "-" "Mozilla/5.0 (Windows NT 10.0; Win64; x64) AppleWebKit/537.36 (KHTML, like Gecko) Chrome/108.0.0.0 Safari/537.36"
137.184.58.197 - - [29/Oct/2023:21:34:23 +0000] "GET /systembc/password.php HTTP/1.1" 404 6813 "-" "Mozilla/5.0 (Windows NT 10.0; Win64; x64) AppleWebKit/537.36 (KHTML, like Gecko) Chrome/108.0.0.0 Safari/537.36"
137.184.58.197 - - [29/Oct/2023:21:34:24 +0000] "GET /password.php HTTP/1.1" 404 6813 "-" "Mozilla/5.0 (Windows NT 10.0; Win64; x64) AppleWebKit/537.36 (KHTML, like Gecko) Chrome/108.0.0.0 Safari/537.36"
137.184.58.197 - - [29/Oct/2023:21:34:24 +0000] "GET /info.php HTTP/1.1" 404 6813 "-" "Mozilla/5.0 (Windows NT 10.0; Win64; x64) AppleWebKit/537.36 (KHTML, like Gecko) Chrome/108.0.0.0 Safari/537.36"
45.33.80.243 - - [29/Oct/2023:21:49:25 +0000] "\x16\x03\x01" 400 483 "-" "-"
43.154.8.109 - - [29/Oct/2023:21:56:28 +0000] "HEAD /Core/Skin/Login.aspx HTTP/1.1" 404 169 "-" "Mozilla/5.0 (Windows NT 10.0; Win64; x64) AppleWebKit/537.36 (KHTML, like Gecko) Chrome/106.0.0.0 Safari/537.36"
124.89.86.213 - - [29/Oct/2023:22:01:19 +0000] "GET / HTTP/1.1" 400 483 "-" "-"
23.22.147.104 - - [29/Oct/2023:22:03:11 +0000] "GET / HTTP/1.1" 200 8277 "-" "Mozilla/5.0 (Linux; Android 10; HMA-L29) AppleWebKit/537.36 (KHTML, like Gecko) Chrome/84.0.4147.89 Mobile Safari/537.36"
135.125.244.48 - - [29/Oct/2023:22:05:27 +0000] "GET /.env HTTP/1.1" 404 6869 "-" "Mozilla/5.0 (X11; Linux x86_64) AppleWebKit/537.36 (KHTML, like Gecko) Chrome/81.0.4044.129 Safari/537.36"
135.125.244.48 - - [29/Oct/2023:22:05:28 +0000] "POST / HTTP/1.1" 405 221341 "-" "Mozilla/5.0 (X11; Linux x86_64) AppleWebKit/537.36 (KHTML, like Gecko) Chrome/81.0.4044.129 Safari/537.36"
134.249.141.119 - - [29/Oct/2023:22:32:05 +0000] "GET / HTTP/1.1" 200 28640 "-" "Mozilla/5.0 (Windows NT 10.0; WOW64) AppleWebKit/537.36 (KHTML, like Gecko) Chrome/52.0.2743.116 Safari/537.36"
35.88.196.251 - - [29/Oct/2023:22:39:14 +0000] "GET /.env HTTP/1.1" 404 6869 "-" "Mozilla/5.0 (Windows NT 10.0; Win64; x64) AppleWebKit/537.36 (KHTML, like Gecko) Chrome/51.0.2704.79 Safari/537.36 Edge/14.14393"
35.88.196.251 - - [29/Oct/2023:22:39:14 +0000] "GET /.env.test HTTP/1.1" 404 6869 "-" "Mozilla/5.0 (Windows NT 10.0; Win64; x64) AppleWebKit/537.36 (KHTML, like Gecko) Chrome/51.0.2704.79 Safari/537.36 Edge/14.14393"
35.88.196.251 - - [29/Oct/2023:22:39:14 +0000] "GET /.env.save HTTP/1.1" 404 6869 "-" "Mozilla/5.0 (Windows NT 10.0; Win64; x64) AppleWebKit/537.36 (KHTML, like Gecko) Chrome/51.0.2704.79 Safari/537.36 Edge/14.14393"
35.88.196.251 - - [29/Oct/2023:22:39:14 +0000] "GET /.env.dev HTTP/1.1" 404 6869 "-" "Mozilla/5.0 (Windows NT 10.0; Win64; x64) AppleWebKit/537.36 (KHTML, like Gecko) Chrome/51.0.2704.79 Safari/537.36 Edge/14.14393"
35.88.196.251 - - [29/Oct/2023:22:39:14 +0000] "GET /.env.local HTTP/1.1" 404 6869 "-" "Mozilla/5.0 (Windows NT 10.0; Win64; x64) AppleWebKit/537.36 (KHTML, like Gecko) Chrome/51.0.2704.79 Safari/537.36 Edge/14.14393"
35.88.196.251 - - [29/Oct/2023:22:39:14 +0000] "GET /.env.backup HTTP/1.1" 404 6869 "-" "Mozilla/5.0 (Windows NT 10.0; Win64; x64) AppleWebKit/537.36 (KHTML, like Gecko) Chrome/51.0.2704.79 Safari/537.36 Edge/14.14393"
35.88.196.251 - - [29/Oct/2023:22:39:14 +0000] "GET /.env.old HTTP/1.1" 404 6869 "-" "Mozilla/5.0 (Windows NT 10.0; Win64; x64) AppleWebKit/537.36 (KHTML, like Gecko) Chrome/51.0.2704.79 Safari/537.36 Edge/14.14393"
35.88.196.251 - - [29/Oct/2023:22:39:14 +0000] "POST / HTTP/1.1" 405 221343 "-" "Mozilla/5.0 (Windows NT 10.0; Win64; x64) AppleWebKit/537.36 (KHTML, like Gecko) Chrome/51.0.2704.79 Safari/537.36 Edge/14.14393"
102.68.111.31 - - [29/Oct/2023:22:41:10 +0000] "GET //.env HTTP/1.1" 404 6813 "-" "Go-http-client/1.1"
66.240.236.119 - - [29/Oct/2023:23:03:22 +0000] "GET / HTTP/1.1" 200 28640 "-" "Mozilla/5.0 (Windows NT 6.1) AppleWebKit/537.36 (KHTML, like Gecko) Chrome/41.0.2228.0 Safari/537.36"
66.240.236.119 - - [29/Oct/2023:23:03:24 +0000] "GET /robots.txt HTTP/1.1" 200 252 "-" "-"
66.240.236.119 - - [29/Oct/2023:23:03:24 +0000] "GET /sitemap.xml HTTP/1.1" 404 6813 "-" "-"
66.240.236.119 - - [29/Oct/2023:23:03:24 +0000] "GET /.well-known/security.txt HTTP/1.1" 404 6813 "-" "-"
66.240.236.119 - - [29/Oct/2023:23:03:26 +0000] "GET /favicon.ico HTTP/1.1" 200 296 "-" "Mozilla/5.0 (Windows NT 10.0; Win64; x64) AppleWebKit/537.36 (KHTML, like Gecko) Chrome/102.0.5005.63 Safari/537.36"
135.125.244.48 - - [29/Oct/2023:23:11:30 +0000] "GET /.env HTTP/1.1" 404 6869 "-" "Mozilla/5.0 (X11; Linux x86_64) AppleWebKit/537.36 (KHTML, like Gecko) Chrome/81.0.4044.129 Safari/537.36"
135.125.244.48 - - [29/Oct/2023:23:11:31 +0000] "POST / HTTP/1.1" 405 221343 "-" "Mozilla/5.0 (X11; Linux x86_64) AppleWebKit/537.36 (KHTML, like Gecko) Chrome/81.0.4044.129 Safari/537.36"
188.2.6.120 - - [29/Oct/2023:23:23:01 +0000] "GET / HTTP/1.1" 200 28640 "-" "Mozilla/5.0 (Windows NT 10.0; WOW64) AppleWebKit/537.36 (KHTML, like Gecko) Chrome/52.0.2743.116 Safari/537.36"
217.24.148.60 - - [29/Oct/2023:23:25:32 +0000] "GET / HTTP/1.1" 200 28640 "-" "Mozilla/5.0 (Windows NT 10.0; WOW64) AppleWebKit/537.36 (KHTML, like Gecko) Chrome/52.0.2743.116 Safari/537.36"
43.154.8.109 - - [29/Oct/2023:23:30:10 +0000] "HEAD /Core/Skin/Login.aspx HTTP/1.1" 404 169 "-" "Mozilla/5.0 (Windows NT 10.0; Win64; x64) AppleWebKit/537.36 (KHTML, like Gecko) Chrome/106.0.0.0 Safari/537.36"
162.216.150.5 - - [29/Oct/2023:23:38:34 +0000] "GET / HTTP/1.1" 200 28640 "-" "Expanse, a Palo Alto Networks company, searches across the global IPv4 space multiple times per day to identify customers&#39; presences on the Internet. If you would like to be excluded from our scans, please send IP addresses/domains to: scaninfo@paloaltonetworks.com"
45.33.80.243 - - [29/Oct/2023:23:48:39 +0000] "\x16\x03\x01" 400 483 "-" "-"
135.125.244.48 - - [30/Oct/2023:00:24:45 +0000] "GET /.env HTTP/1.1" 404 6869 "-" "Mozilla/5.0 (X11; Linux x86_64) AppleWebKit/537.36 (KHTML, like Gecko) Chrome/81.0.4044.129 Safari/537.36"
135.125.244.48 - - [30/Oct/2023:00:24:46 +0000] "POST / HTTP/1.1" 405 221341 "-" "Mozilla/5.0 (X11; Linux x86_64) AppleWebKit/537.36 (KHTML, like Gecko) Chrome/81.0.4044.129 Safari/537.36"
185.180.143.72 - - [30/Oct/2023:00:48:26 +0000] "GET / HTTP/1.1" 200 8258 "-" "Mozilla/5.0 (Windows NT 10.0; Win64; x64) AppleWebKit/537.36 (KHTML, like Gecko) Chrome/60.0.3112.113 Safari/537.36"
185.180.143.72 - - [30/Oct/2023:00:48:26 +0000] "GET /cf_scripts/scripts/ajax/ckeditor/ckeditor.js HTTP/1.1" 404 6813 "-" "Mozilla/5.0 (Windows NT 10.0; Win64; x64) AppleWebKit/537.36 (KHTML, like Gecko) Chrome/60.0.3112.113 Safari/537.36"
185.190.90.13 - - [30/Oct/2023:00:54:22 +0000] "GET / HTTP/1.1" 200 28640 "-" "Mozilla/5.0 (Macintosh; Intel Mac OS X 10_11_6) AppleWebKit/601.7.7 (KHTML, like Gecko) Version/9.1.2 Safari/601.7.7"
43.154.8.109 - - [30/Oct/2023:01:04:10 +0000] "HEAD /Core/Skin/Login.aspx HTTP/1.1" 404 169 "-" "Mozilla/5.0 (Windows NT 10.0; Win64; x64) AppleWebKit/537.36 (KHTML, like Gecko) Chrome/106.0.0.0 Safari/537.36"
92.31.108.67 - - [30/Oct/2023:01:07:19 +0000] "GET / HTTP/1.1" 200 28640 "-" "Mozilla/5.0 (Windows NT 10.0; WOW64) AppleWebKit/537.36 (KHTML, like Gecko) Chrome/52.0.2743.116 Safari/537.36"
113.118.120.6 - - [30/Oct/2023:01:10:31 +0000] "GET / HTTP/1.1" 200 28640 "-" "Mozilla/5.0 (Windows NT 6.1; WOW64) AppleWebKit/537.36 (KHTML, like Gecko) Chrome/52.0.2743.116 Safari/537.36"
185.254.196.186 - - [30/Oct/2023:01:22:45 +0000] "GET /.env HTTP/1.1" 404 6869 "-" "Mozilla/5.0 (X11; Linux x86_64) AppleWebKit/537.36 (KHTML, like Gecko) Chrome/81.0.4044.129 Safari/537.36"
185.254.196.186 - - [30/Oct/2023:01:22:46 +0000] "POST / HTTP/1.1" 405 221343 "-" "Mozilla/5.0 (X11; Linux x86_64) AppleWebKit/537.36 (KHTML, like Gecko) Chrome/81.0.4044.129 Safari/537.36"
135.125.244.48 - - [30/Oct/2023:01:36:17 +0000] "GET /.env HTTP/1.1" 404 6869 "-" "Mozilla/5.0 (X11; Linux x86_64) AppleWebKit/537.36 (KHTML, like Gecko) Chrome/81.0.4044.129 Safari/537.36"
135.125.244.48 - - [30/Oct/2023:01:36:18 +0000] "POST / HTTP/1.1" 405 221343 "-" "Mozilla/5.0 (X11; Linux x86_64) AppleWebKit/537.36 (KHTML, like Gecko) Chrome/81.0.4044.129 Safari/537.36"
193.35.18.187 - - [30/Oct/2023:02:03:43 +0000] "CONNECT google.com:443 HTTP/1.1" 404 6813 "-" "Go-http-client/1.1"
162.243.144.9 - - [30/Oct/2023:02:08:55 +0000] "GET /actuator/health HTTP/1.1" 404 6813 "-" "Mozilla/5.0 zgrab/0.x"
74.82.47.2 - - [30/Oct/2023:02:18:15 +0000] "\x16\x03\x01" 400 483 "-" "-"
43.154.8.109 - - [30/Oct/2023:02:38:37 +0000] "HEAD /Core/Skin/Login.aspx HTTP/1.1" 404 169 "-" "Mozilla/5.0 (Windows NT 10.0; Win64; x64) AppleWebKit/537.36 (KHTML, like Gecko) Chrome/106.0.0.0 Safari/537.36"
69.131.70.97 - - [30/Oct/2023:02:41:13 +0000] "GET / HTTP/1.1" 200 28640 "-" "Mozilla/5.0 (Macintosh; Intel Mac OS X 10_11_6) AppleWebKit/601.7.7 (KHTML, like Gecko) Version/9.1.2 Safari/601.7.7"
170.64.129.99 - - [30/Oct/2023:02:43:01 +0000] "GET /.git/config HTTP/1.1" 404 6869 "-" "Mozilla/5.0 (X11; Linux x86_64) AppleWebKit/537.36 (KHTML, like Gecko) Chrome/81.0.4044.129 Safari/537.36"
212.154.7.246 - - [30/Oct/2023:03:35:24 +0000] "GET /laravel/.env HTTP/1.1" 404 6869 "-" "Mozilla/5.0 (X11; Linux x86_64) AppleWebKit/537.36 (KHTML, like Gecko) Chrome/81.0.4044.129 Safari/537.36"
212.154.7.246 - - [30/Oct/2023:03:35:25 +0000] "POST /laravel HTTP/1.1" 404 6869 "-" "Mozilla/5.0 (X11; Linux x86_64) AppleWebKit/537.36 (KHTML, like Gecko) Chrome/81.0.4044.129 Safari/537.36"
45.95.147.204 - - [30/Oct/2023:03:36:47 +0000] "POST /boaform/admin/formLogin HTTP/1.1" 404 6869 "http://184.72.5.14:80/admin/login.asp" "Mozilla/5.0 (X11; Ubuntu; Linux x86_64; rv:71.0) Gecko/20100101 Firefox/71.0"
135.125.244.48 - - [30/Oct/2023:03:37:34 +0000] "GET /.env HTTP/1.1" 404 6869 "-" "Mozilla/5.0 (X11; Linux x86_64) AppleWebKit/537.36 (KHTML, like Gecko) Chrome/81.0.4044.129 Safari/537.36"
135.125.244.48 - - [30/Oct/2023:03:37:34 +0000] "POST / HTTP/1.1" 405 221343 "-" "Mozilla/5.0 (X11; Linux x86_64) AppleWebKit/537.36 (KHTML, like Gecko) Chrome/81.0.4044.129 Safari/537.36"
172.104.11.4 - - [30/Oct/2023:03:47:01 +0000] "\x16\x03\x01" 400 483 "-" "-"
185.254.196.186 - - [30/Oct/2023:04:04:51 +0000] "GET /.env HTTP/1.1" 404 6869 "-" "Mozilla/5.0 (X11; Linux x86_64) AppleWebKit/537.36 (KHTML, like Gecko) Chrome/81.0.4044.129 Safari/537.36"
185.254.196.186 - - [30/Oct/2023:04:04:54 +0000] "POST / HTTP/1.1" 405 221343 "-" "Mozilla/5.0 (X11; Linux x86_64) AppleWebKit/537.36 (KHTML, like Gecko) Chrome/81.0.4044.129 Safari/537.36"
43.154.8.109 - - [30/Oct/2023:04:12:53 +0000] "HEAD /Core/Skin/Login.aspx HTTP/1.1" 404 169 "-" "Mozilla/5.0 (Windows NT 10.0; Win64; x64) AppleWebKit/537.36 (KHTML, like Gecko) Chrome/106.0.0.0 Safari/537.36"
45.33.87.154 - - [30/Oct/2023:04:19:59 +0000] "GET / HTTP/1.1" 200 8258 "-" "Mozilla/5.0 zgrab/0.x"
172.105.128.11 - - [30/Oct/2023:04:20:11 +0000] "GET / HTTP/1.1" 200 8258 "-" "Mozilla/5.0 (Macintosh; Intel Mac OS X 13_1) AppleWebKit/537.36 (KHTML, like Gecko) Chrome/108.0.0.0 Safari/537.36"
45.79.181.251 - - [30/Oct/2023:04:20:24 +0000] "GET / HTTP/1.1" 200 8258 "-" "Mozilla/5.0 (Macintosh; Intel Mac OS X 13_1) AppleWebKit/537.36 (KHTML, like Gecko) Chrome/108.0.0.0 Safari/537.36"
45.79.128.205 - - [30/Oct/2023:04:20:34 +0000] "GET / HTTP/1.1" 200 8258 "-" "Mozilla/5.0 (Macintosh; Intel Mac OS X 13_1) AppleWebKit/537.36 (KHTML, like Gecko) Chrome/108.0.0.0 Safari/537.36"
45.79.172.21 - - [30/Oct/2023:04:20:45 +0000] "GET / HTTP/1.1" 200 8258 "-" "Mozilla/5.0 (Macintosh; Intel Mac OS X 13_1) AppleWebKit/537.36 (KHTML, like Gecko) Chrome/108.0.0.0 Safari/537.36"
172.104.11.34 - - [30/Oct/2023:04:21:34 +0000] "GET / HTTP/1.1" 200 8258 "-" "Mozilla/5.0 (Macintosh; Intel Mac OS X 13_1) AppleWebKit/537.36 (KHTML, like Gecko) Chrome/108.0.0.0 Safari/537.36"
192.155.90.118 - - [30/Oct/2023:04:21:51 +0000] "GET / HTTP/1.1" 200 8258 "-" "Mozilla/5.0 (Macintosh; Intel Mac OS X 13_1) AppleWebKit/537.36 (KHTML, like Gecko) Chrome/108.0.0.0 Safari/537.36"
172.104.11.34 - - [30/Oct/2023:04:21:51 +0000] "GET / HTTP/1.1" 200 8258 "-" "Mozilla/5.0 (Macintosh; Intel Mac OS X 13_1) AppleWebKit/537.36 (KHTML, like Gecko) Chrome/108.0.0.0 Safari/537.36"
172.104.11.46 - - [30/Oct/2023:04:22:04 +0000] "GET / HTTP/1.1" 200 8258 "-" "Mozilla/5.0 (Macintosh; Intel Mac OS X 13_1) AppleWebKit/537.36 (KHTML, like Gecko) Chrome/108.0.0.0 Safari/537.36"
205.210.31.20 - - [30/Oct/2023:04:23:00 +0000] "GET / HTTP/1.1" 200 28640 "-" "Expanse, a Palo Alto Networks company, searches across the global IPv4 space multiple times per day to identify customers&#39; presences on the Internet. If you would like to be excluded from our scans, please send IP addresses/domains to: scaninfo@paloaltonetworks.com"
172.104.11.46 - - [30/Oct/2023:04:23:01 +0000] "GET / HTTP/1.1" 200 8258 "-" "Mozilla/5.0 (Macintosh; Intel Mac OS X 13_1) AppleWebKit/537.36 (KHTML, like Gecko) Chrome/108.0.0.0 Safari/537.36"
45.79.181.104 - - [30/Oct/2023:04:23:32 +0000] "GET / HTTP/1.1" 200 8258 "-" "Mozilla/5.0 (Macintosh; Intel Mac OS X 13_1) AppleWebKit/537.36 (KHTML, like Gecko) Chrome/108.0.0.0 Safari/537.36"
172.104.11.51 - - [30/Oct/2023:04:24:19 +0000] "GET / HTTP/1.1" 200 8258 "-" "Mozilla/5.0 (Macintosh; Intel Mac OS X 13_1) AppleWebKit/537.36 (KHTML, like Gecko) Chrome/108.0.0.0 Safari/537.36"
45.79.172.21 - - [30/Oct/2023:04:24:40 +0000] "GET / HTTP/1.1" 200 8258 "-" "Mozilla/5.0 (Macintosh; Intel Mac OS X 13_1) AppleWebKit/537.36 (KHTML, like Gecko) Chrome/108.0.0.0 Safari/537.36"
45.79.172.21 - - [30/Oct/2023:04:25:25 +0000] "GET / HTTP/1.1" 200 8258 "-" "Mozilla/5.0 (Macintosh; Intel Mac OS X 13_1) AppleWebKit/537.36 (KHTML, like Gecko) Chrome/108.0.0.0 Safari/537.36"
45.79.172.21 - - [30/Oct/2023:04:25:57 +0000] "GET / HTTP/1.1" 200 8258 "-" "Mozilla/5.0 (Macintosh; Intel Mac OS X 13_1) AppleWebKit/537.36 (KHTML, like Gecko) Chrome/108.0.0.0 Safari/537.36"
172.104.11.4 - - [30/Oct/2023:04:26:13 +0000] "GET / HTTP/1.1" 200 8258 "-" "Mozilla/5.0 (Macintosh; Intel Mac OS X 13_1) AppleWebKit/537.36 (KHTML, like Gecko) Chrome/108.0.0.0 Safari/537.36"
172.104.11.34 - - [30/Oct/2023:04:26:17 +0000] "GET / HTTP/1.1" 200 8258 "-" "Mozilla/5.0 (Macintosh; Intel Mac OS X 13_1) AppleWebKit/537.36 (KHTML, like Gecko) Chrome/108.0.0.0 Safari/537.36"
192.155.90.220 - - [30/Oct/2023:04:27:07 +0000] "GET / HTTP/1.1" 200 8258 "-" "Mozilla/5.0 (Macintosh; Intel Mac OS X 13_1) AppleWebKit/537.36 (KHTML, like Gecko) Chrome/108.0.0.0 Safari/537.36"
172.104.11.46 - - [30/Oct/2023:04:27:16 +0000] "GET / HTTP/1.1" 200 8258 "-" "Mozilla/5.0 (Macintosh; Intel Mac OS X 13_1) AppleWebKit/537.36 (KHTML, like Gecko) Chrome/108.0.0.0 Safari/537.36"
172.105.128.11 - - [30/Oct/2023:04:28:12 +0000] "GET / HTTP/1.1" 200 8258 "-" "Mozilla/5.0 (Macintosh; Intel Mac OS X 13_1) AppleWebKit/537.36 (KHTML, like Gecko) Chrome/108.0.0.0 Safari/537.36"
172.104.11.34 - - [30/Oct/2023:04:28:40 +0000] "GET / HTTP/1.1" 200 8258 "-" "Mozilla/5.0 (Macintosh; Intel Mac OS X 13_1) AppleWebKit/537.36 (KHTML, like Gecko) Chrome/108.0.0.0 Safari/537.36"
45.79.128.205 - - [30/Oct/2023:04:30:36 +0000] "GET / HTTP/1.1" 200 8258 "-" "Mozilla/5.0 (Macintosh; Intel Mac OS X 13_1) AppleWebKit/537.36 (KHTML, like Gecko) Chrome/108.0.0.0 Safari/537.36"
45.79.128.205 - - [30/Oct/2023:04:31:40 +0000] "GET / HTTP/1.1" 200 8258 "-" "Mozilla/5.0 (Macintosh; Intel Mac OS X 13_1) AppleWebKit/537.36 (KHTML, like Gecko) Chrome/108.0.0.0 Safari/537.36"
172.104.11.34 - - [30/Oct/2023:04:31:48 +0000] "GET / HTTP/1.1" 200 8258 "-" "Mozilla/5.0 (Macintosh; Intel Mac OS X 13_1) AppleWebKit/537.36 (KHTML, like Gecko) Chrome/108.0.0.0 Safari/537.36"
198.199.76.233 - - [30/Oct/2023:04:32:43 +0000] "GET / HTTP/1.1" 200 28640 "-" "Mozilla/5.0 (Windows NT 10.0; Win64; x64; rv:109.0) Gecko/20100101 Firefox/118.0"
135.125.244.48 - - [30/Oct/2023:04:33:48 +0000] "GET /.env HTTP/1.1" 404 6869 "-" "Mozilla/5.0 (X11; Linux x86_64) AppleWebKit/537.36 (KHTML, like Gecko) Chrome/81.0.4044.129 Safari/537.36"
135.125.244.48 - - [30/Oct/2023:04:33:48 +0000] "POST / HTTP/1.1" 405 221343 "-" "Mozilla/5.0 (X11; Linux x86_64) AppleWebKit/537.36 (KHTML, like Gecko) Chrome/81.0.4044.129 Safari/537.36"
35.203.210.211 - - [30/Oct/2023:04:49:37 +0000] "GET / HTTP/1.1" 200 28640 "-" "Expanse, a Palo Alto Networks company, searches across the global IPv4 space multiple times per day to identify customers&#39; presences on the Internet. If you would like to be excluded from our scans, please send IP addresses/domains to: scaninfo@paloaltonetworks.com"
198.235.24.137 - - [30/Oct/2023:05:45:13 +0000] "GET / HTTP/1.0" 200 28656 "-" "Expanse, a Palo Alto Networks company, searches across the global IPv4 space multiple times per day to identify customers&#39; presences on the Internet. If you would like to be excluded from our scans, please send IP addresses/domains to: scaninfo@paloaltonetworks.com"
43.154.8.109 - - [30/Oct/2023:05:48:10 +0000] "HEAD /Core/Skin/Login.aspx HTTP/1.1" 404 169 "-" "Mozilla/5.0 (Windows NT 10.0; Win64; x64) AppleWebKit/537.36 (KHTML, like Gecko) Chrome/106.0.0.0 Safari/537.36"
135.125.244.48 - - [30/Oct/2023:05:54:23 +0000] "GET /.env HTTP/1.1" 404 6869 "-" "Mozilla/5.0 (X11; Linux x86_64) AppleWebKit/537.36 (KHTML, like Gecko) Chrome/81.0.4044.129 Safari/537.36"
135.125.244.48 - - [30/Oct/2023:05:54:23 +0000] "POST / HTTP/1.1" 405 221343 "-" "Mozilla/5.0 (X11; Linux x86_64) AppleWebKit/537.36 (KHTML, like Gecko) Chrome/81.0.4044.129 Safari/537.36"
198.199.92.134 - - [30/Oct/2023:06:08:28 +0000] "MGLNDD_184.72.5.14_80\n" 400 483 "-" "-"
192.155.90.118 - - [30/Oct/2023:06:21:35 +0000] "\x16\x03\x01" 400 483 "-" "-"
198.235.24.166 - - [30/Oct/2023:06:25:07 +0000] "\x16\x03\x01" 400 483 "-" "-"
198.235.24.166 - - [30/Oct/2023:06:25:07 +0000] "\x16\x03\x01" 400 483 "-" "-"
94.102.61.10 - - [30/Oct/2023:07:03:30 +0000] "GET / HTTP/1.1" 200 8258 "-" "Mozilla/5.0 (Windows NT 10.0; Win64; x64) AppleWebKit/537.36 (KHTML, like Gecko) Chrome/88.0.4324.190 Safari/537.36"
113.183.97.114 - - [30/Oct/2023:07:06:17 +0000] "HEAD / HTTP/1.1" 200 1103 "-" "Mozilla/5.0 (Macintosh; Intel Mac OS X 10_8_3) AppleWebKit/537.36 (KHTML, like Gecko) Chrome/54.0.2866.71 Safari/537.36"
43.154.8.109 - - [30/Oct/2023:07:24:43 +0000] "HEAD /Core/Skin/Login.aspx HTTP/1.1" 404 169 "-" "Mozilla/5.0 (Windows NT 10.0; Win64; x64) AppleWebKit/537.36 (KHTML, like Gecko) Chrome/106.0.0.0 Safari/537.36"
54.183.244.210 - - [30/Oct/2023:07:26:11 +0000] "GET / HTTP/1.1" 200 8277 "-" "Mozilla/5.0 (Macintosh; Intel Mac OS X 10_11_5) AppleWebKit/537.36 (KHTML, like Gecko) Chrome/50.0.2661.102 Safari/537.36"
113.183.97.114 - - [30/Oct/2023:07:36:29 +0000] "POST /_ignition/execute-solution HTTP/1.1" 404 7421 "-" "Mozilla/5.0 (Windows NT 6.4; WOW64) AppleWebKit/537.36 (KHTML, like Gecko) Chrome/41.0.2225.0 Safari/537.36"
113.183.97.114 - - [30/Oct/2023:07:36:30 +0000] "POST /_ignition/execute-solution HTTP/1.1" 404 7421 "-" "Mozilla/5.0 (Windows NT 6.2; WOW64) AppleWebKit/537.36 (KHTML like Gecko) Chrome/44.0.2403.155 Safari/537.36"
113.183.97.114 - - [30/Oct/2023:07:36:30 +0000] "POST /_ignition/execute-solution HTTP/1.1" 404 7421 "-" "Mozilla/5.0 (Windows NT 5.1) AppleWebKit/537.36 (KHTML, like Gecko) Chrome/34.0.1866.237 Safari/537.36"
113.183.97.114 - - [30/Oct/2023:07:36:30 +0000] "POST /_ignition/execute-solution HTTP/1.1" 404 7421 "-" "Mozilla/5.0 (Windows NT 10.0; WOW64) AppleWebKit/537.36 (KHTML, like Gecko) Chrome/89.0.4389.114 Safari/537.36"
113.183.97.114 - - [30/Oct/2023:07:36:31 +0000] "POST /_ignition/execute-solution HTTP/1.1" 404 7421 "-" "Mozilla/5.0 (Windows NT 5.1) AppleWebKit/537.36 (KHTML, like Gecko) Chrome/41.0.2224.3 Safari/537.36"
113.183.97.114 - - [30/Oct/2023:07:36:31 +0000] "POST /_ignition/execute-solution HTTP/1.1" 404 7421 "-" "Mozilla/5.0 (Windows NT 5.1) AppleWebKit/537.36 (KHTML, like Gecko) Chrome/35.0.2309.372 Safari/537.36"
209.201.15.190 - - [30/Oct/2023:07:56:04 +0000] "GET /api/.env HTTP/1.1" 404 6901 "-" "Mozilla/5.0 (X11; Linux x86_64) AppleWebKit/537.36 (KHTML, like Gecko) Chrome/81.0.4044.129 Safari/537.36"
209.201.15.190 - - [30/Oct/2023:07:56:05 +0000] "POST /api HTTP/1.1" 404 6869 "-" "Mozilla/5.0 (X11; Linux x86_64) AppleWebKit/537.36 (KHTML, like Gecko) Chrome/81.0.4044.129 Safari/537.36"
162.142.125.216 - - [30/Oct/2023:08:06:13 +0000] "GET / HTTP/1.1" 200 28640 "-" "-"
162.142.125.216 - - [30/Oct/2023:08:06:14 +0000] "GET / HTTP/1.1" 200 8258 "-" "Mozilla/5.0 (compatible; CensysInspect/1.1; +https://about.censys.io/)"
162.142.125.216 - - [30/Oct/2023:08:06:14 +0000] "PRI * HTTP/2.0" 400 483 "-" "-"
162.142.125.216 - - [30/Oct/2023:08:06:14 +0000] "GET /favicon.ico HTTP/1.1" 200 259 "-" "Mozilla/5.0 (compatible; CensysInspect/1.1; +https://about.censys.io/)"
216.218.206.68 - - [30/Oct/2023:08:10:57 +0000] "GET / HTTP/1.1" 200 8258 "-" "Mozilla/5.0 (Windows NT 10.0; Win64; x64) AppleWebKit/537.36 (KHTML, like Gecko) Chrome/108.0.0.0 Safari/537.36 OPR/94.0.0.0"
216.218.206.68 - - [30/Oct/2023:08:13:27 +0000] "GET /favicon.ico HTTP/1.1" 200 240 "-" "Mozilla/5.0 (Windows NT 10.0; Win64; x64) AppleWebKit/537.36 (KHTML, like Gecko) Chrome/110.0.0.0 Safari/537.36 Edg/110.0.1587.41"
216.218.206.68 - - [30/Oct/2023:08:14:54 +0000] "GET /geoserver/web/ HTTP/1.1" 301 530 "-" "Mozilla/5.0 (Windows NT 10.0; Win64; x64) AppleWebKit/537.36 (KHTML, like Gecko) Chrome/108.0.0.0 Safari/537.36 OPR/94.0.0.0"
135.125.244.48 - - [30/Oct/2023:08:15:12 +0000] "GET /.env HTTP/1.1" 404 6869 "-" "Mozilla/5.0 (X11; Linux x86_64) AppleWebKit/537.36 (KHTML, like Gecko) Chrome/81.0.4044.129 Safari/537.36"
135.125.244.48 - - [30/Oct/2023:08:15:12 +0000] "POST / HTTP/1.1" 405 221341 "-" "Mozilla/5.0 (X11; Linux x86_64) AppleWebKit/537.36 (KHTML, like Gecko) Chrome/81.0.4044.129 Safari/537.36"
198.235.24.153 - - [30/Oct/2023:08:25:13 +0000] "\x16\x03\x01" 400 483 "-" "-"
198.235.24.153 - - [30/Oct/2023:08:25:13 +0000] "\x16\x03\x01" 400 483 "-" "-"
34.65.131.181 - - [30/Oct/2023:08:40:59 +0000] "\x16\x03\x01" 400 483 "-" "-"
34.65.131.181 - - [30/Oct/2023:08:41:01 +0000] "OPTIONS / HTTP/1.0" 200 259 "-" "-"
135.125.244.48 - - [30/Oct/2023:09:00:21 +0000] "GET /.env HTTP/1.1" 404 6869 "-" "Mozilla/5.0 (X11; Linux x86_64) AppleWebKit/537.36 (KHTML, like Gecko) Chrome/81.0.4044.129 Safari/537.36"
135.125.244.48 - - [30/Oct/2023:09:00:21 +0000] "POST / HTTP/1.1" 405 221343 "-" "Mozilla/5.0 (X11; Linux x86_64) AppleWebKit/537.36 (KHTML, like Gecko) Chrome/81.0.4044.129 Safari/537.36"
43.154.8.109 - - [30/Oct/2023:09:01:49 +0000] "HEAD /Core/Skin/Login.aspx HTTP/1.1" 404 169 "-" "Mozilla/5.0 (Windows NT 10.0; Win64; x64) AppleWebKit/537.36 (KHTML, like Gecko) Chrome/106.0.0.0 Safari/537.36"
192.241.194.76 - - [30/Oct/2023:09:08:39 +0000] "GET /ReportServer HTTP/1.1" 404 6813 "-" "Mozilla/5.0 zgrab/0.x"
176.120.216.90 - - [30/Oct/2023:10:00:34 +0000] "GET / HTTP/1.1" 200 28640 "-" "Mozilla/5.0 (Windows NT 10.0; WOW64) AppleWebKit/537.36 (KHTML, like Gecko) Chrome/51.0.2704.103 Safari/537.36"
45.79.181.251 - - [30/Oct/2023:10:01:01 +0000] "\x16\x03\x01" 400 483 "-" "-"
193.35.18.187 - - [30/Oct/2023:10:06:45 +0000] "CONNECT google.com:443 HTTP/1.1" 404 6813 "-" "Go-http-client/1.1"
192.155.90.118 - - [30/Oct/2023:10:12:57 +0000] "\x16\x03\x01" 400 483 "-" "-"
212.70.149.142 - - [30/Oct/2023:10:30:52 +0000] "\x03" 400 483 "-" "-"
185.254.196.173 - - [30/Oct/2023:10:35:50 +0000] "GET /.env HTTP/1.1" 404 6869 "-" "Mozilla/5.0 (X11; Linux x86_64) AppleWebKit/537.36 (KHTML, like Gecko) Chrome/81.0.4044.129 Safari/537.36"
185.254.196.173 - - [30/Oct/2023:10:35:52 +0000] "POST / HTTP/1.1" 405 221343 "-" "Mozilla/5.0 (X11; Linux x86_64) AppleWebKit/537.36 (KHTML, like Gecko) Chrome/81.0.4044.129 Safari/537.36"
43.154.8.109 - - [30/Oct/2023:10:39:53 +0000] "HEAD /Core/Skin/Login.aspx HTTP/1.1" 404 169 "-" "Mozilla/5.0 (Windows NT 10.0; Win64; x64) AppleWebKit/537.36 (KHTML, like Gecko) Chrome/106.0.0.0 Safari/537.36"
71.6.232.22 - - [30/Oct/2023:10:48:58 +0000] "GET / HTTP/1.1" 200 8258 "-" "Mozilla/5.0 (Windows NT 10.0; Win64; x64) AppleWebKit/537.36 (KHTML, like Gecko) Chrome/74.0.3729.131 Safari/537.36"
172.104.11.34 - - [30/Oct/2023:11:09:45 +0000] "\x16\x03\x01" 400 483 "-" "-"
135.125.244.48 - - [30/Oct/2023:11:27:03 +0000] "GET /.env HTTP/1.1" 404 6869 "-" "Mozilla/5.0 (X11; Linux x86_64) AppleWebKit/537.36 (KHTML, like Gecko) Chrome/81.0.4044.129 Safari/537.36"
135.125.244.48 - - [30/Oct/2023:11:27:03 +0000] "POST / HTTP/1.1" 405 221343 "-" "Mozilla/5.0 (X11; Linux x86_64) AppleWebKit/537.36 (KHTML, like Gecko) Chrome/81.0.4044.129 Safari/537.36"
36.69.233.241 - - [30/Oct/2023:11:55:57 +0000] "HEAD /robots.txt HTTP/1.0" 200 247 "-" "-"
43.154.8.109 - - [30/Oct/2023:12:17:46 +0000] "HEAD /Core/Skin/Login.aspx HTTP/1.1" 404 169 "-" "Mozilla/5.0 (Windows NT 10.0; Win64; x64) AppleWebKit/537.36 (KHTML, like Gecko) Chrome/106.0.0.0 Safari/537.36"
31.176.181.201 - - [30/Oct/2023:12:19:12 +0000] "GET / HTTP/1.1" 200 28640 "-" "Mozilla/5.0 (Windows NT 10.0; WOW64) AppleWebKit/537.36 (KHTML, like Gecko) Chrome/51.0.2704.103 Safari/537.36"
34.79.162.186 - - [30/Oct/2023:12:29:43 +0000] "GET / HTTP/1.1" 200 8314 "-" "python-requests/2.31.0"
34.231.243.61 - - [30/Oct/2023:13:11:56 +0000] "GET /.git/HEAD HTTP/1.1" 404 6832 "-" "Python-urllib/3.10"
45.33.80.243 - - [30/Oct/2023:13:18:56 +0000] "\x16\x03\x01" 400 483 "-" "-"
135.125.246.189 - - [30/Oct/2023:13:29:18 +0000] "GET /.env HTTP/1.1" 404 6869 "-" "Mozilla/5.0 (X11; Linux x86_64) AppleWebKit/537.36 (KHTML, like Gecko) Chrome/81.0.4044.129 Safari/537.36"
135.125.246.189 - - [30/Oct/2023:13:29:18 +0000] "POST / HTTP/1.1" 405 221341 "-" "Mozilla/5.0 (X11; Linux x86_64) AppleWebKit/537.36 (KHTML, like Gecko) Chrome/81.0.4044.129 Safari/537.36"
141.98.11.52 - - [30/Oct/2023:13:33:31 +0000] "GET / HTTP/1.1" 200 8314 "-" "Mozilla/5.0 (Windows NT 10.0; Win64; x64) AppleWebKit/537.36 (KHTML, like Gecko) Chrome/90.0.4430.85 Safari/537.36 Edg/90.0.818.46"
185.254.196.173 - - [30/Oct/2023:13:33:59 +0000] "GET /.env HTTP/1.1" 404 6869 "-" "Mozilla/5.0 (X11; Linux x86_64) AppleWebKit/537.36 (KHTML, like Gecko) Chrome/81.0.4044.129 Safari/537.36"
185.254.196.173 - - [30/Oct/2023:13:34:00 +0000] "POST / HTTP/1.1" 405 221343 "-" "Mozilla/5.0 (X11; Linux x86_64) AppleWebKit/537.36 (KHTML, like Gecko) Chrome/81.0.4044.129 Safari/537.36"
45.79.181.251 - - [30/Oct/2023:13:47:52 +0000] "\x16\x03\x01" 400 483 "-" "-"
23.148.146.117 - - [30/Oct/2023:13:55:24 +0000] "GET /.env HTTP/1.1" 404 6869 "-" "Mozilla/5.0 (X11; Linux x86_64) AppleWebKit/537.36 (KHTML, like Gecko) Chrome/81.0.4044.129 Safari/537.36"
23.148.146.117 - - [30/Oct/2023:13:55:24 +0000] "POST / HTTP/1.1" 405 221343 "-" "Mozilla/5.0 (X11; Linux x86_64) AppleWebKit/537.36 (KHTML, like Gecko) Chrome/81.0.4044.129 Safari/537.36"
43.154.8.109 - - [30/Oct/2023:13:58:14 +0000] "HEAD /Core/Skin/Login.aspx HTTP/1.1" 404 169 "-" "Mozilla/5.0 (Windows NT 10.0; Win64; x64) AppleWebKit/537.36 (KHTML, like Gecko) Chrome/106.0.0.0 Safari/537.36"
198.199.111.200 - - [30/Oct/2023:14:04:43 +0000] "GET /druid/index.html HTTP/1.1" 404 6813 "-" "Mozilla/5.0 zgrab/0.x"
20.115.91.38 - - [30/Oct/2023:14:22:46 +0000] "GET /.env HTTP/1.1" 404 6869 "-" "Mozilla/5.0 (X11; Linux x86_64) AppleWebKit/537.36 (KHTML, like Gecko) Chrome/81.0.4044.129 Safari/537.36"
20.115.91.38 - - [30/Oct/2023:14:22:46 +0000] "POST / HTTP/1.1" 405 221343 "-" "Mozilla/5.0 (X11; Linux x86_64) AppleWebKit/537.36 (KHTML, like Gecko) Chrome/81.0.4044.129 Safari/537.36"
185.254.196.173 - - [30/Oct/2023:14:41:32 +0000] "GET /.env HTTP/1.1" 404 6869 "-" "Mozilla/5.0 (X11; Linux x86_64) AppleWebKit/537.36 (KHTML, like Gecko) Chrome/81.0.4044.129 Safari/537.36"
185.254.196.173 - - [30/Oct/2023:14:41:32 +0000] "POST / HTTP/1.1" 405 221343 "-" "Mozilla/5.0 (X11; Linux x86_64) AppleWebKit/537.36 (KHTML, like Gecko) Chrome/81.0.4044.129 Safari/537.36"
165.227.47.218 - - [30/Oct/2023:15:14:00 +0000] "GET /aaa9 HTTP/1.1" 404 6813 "-" "Mozilla/5.0 zgrab/0.x"
165.227.47.218 - - [30/Oct/2023:15:14:03 +0000] "GET /aab8 HTTP/1.1" 404 6813 "-" "Mozilla/5.0 zgrab/0.x"
165.227.47.218 - - [30/Oct/2023:15:14:06 +0000] "GET / HTTP/1.1" 200 8258 "-" "Mozilla/5.0 zgrab/0.x"
43.154.8.109 - - [30/Oct/2023:15:42:02 +0000] "HEAD /Core/Skin/Login.aspx HTTP/1.1" 404 169 "-" "Mozilla/5.0 (Windows NT 10.0; Win64; x64) AppleWebKit/537.36 (KHTML, like Gecko) Chrome/106.0.0.0 Safari/537.36"
192.155.90.118 - - [30/Oct/2023:15:47:04 +0000] "\x16\x03\x01" 400 483 "-" "-"
34.204.205.123 - - [30/Oct/2023:16:08:40 +0000] "GET /.git/config HTTP/1.1" 404 6869 "-" "python-requests/2.25.1"
34.204.205.123 - - [30/Oct/2023:16:08:40 +0000] "GET /private/.env HTTP/1.1" 404 6869 "-" "Mozilla/5.0 (Macintosh; Intel Mac OS X 10.15; rv:77.0) Gecko/20100101Firefox/77.0"
34.204.205.123 - - [30/Oct/2023:16:08:40 +0000] "POST /private/.env HTTP/1.1" 404 6869 "-" "Mozilla/5.0 (Macintosh; Intel Mac OS X 10.15; rv:77.0) Gecko/20100101Firefox/77.0"
34.204.205.123 - - [30/Oct/2023:16:08:40 +0000] "GET /rest/.env HTTP/1.1" 404 6869 "-" "Mozilla/5.0 (Macintosh; Intel Mac OS X 10.15; rv:77.0) Gecko/20100101Firefox/77.0"
34.204.205.123 - - [30/Oct/2023:16:08:40 +0000] "POST /rest/.env HTTP/1.1" 404 6869 "-" "Mozilla/5.0 (Macintosh; Intel Mac OS X 10.15; rv:77.0) Gecko/20100101Firefox/77.0"
34.204.205.123 - - [30/Oct/2023:16:08:40 +0000] "GET /tools/.env HTTP/1.1" 404 6869 "-" "Mozilla/5.0 (Macintosh; Intel Mac OS X 10.15; rv:77.0) Gecko/20100101Firefox/77.0"
34.204.205.123 - - [30/Oct/2023:16:08:40 +0000] "POST /tools/.env HTTP/1.1" 404 6869 "-" "Mozilla/5.0 (Macintosh; Intel Mac OS X 10.15; rv:77.0) Gecko/20100101Firefox/77.0"
34.204.205.123 - - [30/Oct/2023:16:08:41 +0000] "GET /storage/.env HTTP/1.1" 404 6869 "-" "Mozilla/5.0 (Macintosh; Intel Mac OS X 10.15; rv:77.0) Gecko/20100101Firefox/77.0"
34.204.205.123 - - [30/Oct/2023:16:08:41 +0000] "POST /storage/.env HTTP/1.1" 404 6869 "-" "Mozilla/5.0 (Macintosh; Intel Mac OS X 10.15; rv:77.0) Gecko/20100101Firefox/77.0"
34.204.205.123 - - [30/Oct/2023:16:08:41 +0000] "GET /sitemaps/.env HTTP/1.1" 404 6869 "-" "Mozilla/5.0 (Macintosh; Intel Mac OS X 10.15; rv:77.0) Gecko/20100101Firefox/77.0"
34.204.205.123 - - [30/Oct/2023:16:08:41 +0000] "POST /sitemaps/.env HTTP/1.1" 404 6869 "-" "Mozilla/5.0 (Macintosh; Intel Mac OS X 10.15; rv:77.0) Gecko/20100101Firefox/77.0"
34.204.205.123 - - [30/Oct/2023:16:08:41 +0000] "GET /administrator/.env HTTP/1.1" 404 6869 "-" "Mozilla/5.0 (Macintosh; Intel Mac OS X 10.15; rv:77.0) Gecko/20100101Firefox/77.0"
34.204.205.123 - - [30/Oct/2023:16:08:41 +0000] "POST /administrator/.env HTTP/1.1" 404 6869 "-" "Mozilla/5.0 (Macintosh; Intel Mac OS X 10.15; rv:77.0) Gecko/20100101Firefox/77.0"
34.204.205.123 - - [30/Oct/2023:16:08:41 +0000] "GET /v2/.env HTTP/1.1" 404 6869 "-" "Mozilla/5.0 (Macintosh; Intel Mac OS X 10.15; rv:77.0) Gecko/20100101Firefox/77.0"
34.204.205.123 - - [30/Oct/2023:16:08:42 +0000] "POST /v2/.env HTTP/1.1" 404 6869 "-" "Mozilla/5.0 (Macintosh; Intel Mac OS X 10.15; rv:77.0) Gecko/20100101Firefox/77.0"
34.204.205.123 - - [30/Oct/2023:16:08:42 +0000] "GET /cms/.env HTTP/1.1" 404 6869 "-" "Mozilla/5.0 (Macintosh; Intel Mac OS X 10.15; rv:77.0) Gecko/20100101Firefox/77.0"
34.204.205.123 - - [30/Oct/2023:16:08:42 +0000] "POST /cms/.env HTTP/1.1" 404 6869 "-" "Mozilla/5.0 (Macintosh; Intel Mac OS X 10.15; rv:77.0) Gecko/20100101Firefox/77.0"
34.204.205.123 - - [30/Oct/2023:16:08:42 +0000] "GET /enviroments/.env.production HTTP/1.1" 404 6869 "-" "Mozilla/5.0 (Macintosh; Intel Mac OS X 10.15; rv:77.0) Gecko/20100101Firefox/77.0"
34.204.205.123 - - [30/Oct/2023:16:08:42 +0000] "POST /enviroments/.env.production HTTP/1.1" 404 6869 "-" "Mozilla/5.0 (Macintosh; Intel Mac OS X 10.15; rv:77.0) Gecko/20100101Firefox/77.0"
34.204.205.123 - - [30/Oct/2023:16:08:42 +0000] "GET /.env.project HTTP/1.1" 404 6869 "-" "Mozilla/5.0 (Macintosh; Intel Mac OS X 10.15; rv:77.0) Gecko/20100101Firefox/77.0"
34.204.205.123 - - [30/Oct/2023:16:08:42 +0000] "POST /.env.project HTTP/1.1" 404 6869 "-" "Mozilla/5.0 (Macintosh; Intel Mac OS X 10.15; rv:77.0) Gecko/20100101Firefox/77.0"
34.204.205.123 - - [30/Oct/2023:16:08:42 +0000] "GET /main/.env HTTP/1.1" 404 6869 "-" "Mozilla/5.0 (Macintosh; Intel Mac OS X 10.15; rv:77.0) Gecko/20100101Firefox/77.0"
34.204.205.123 - - [30/Oct/2023:16:08:43 +0000] "POST /main/.env HTTP/1.1" 404 6869 "-" "Mozilla/5.0 (Macintosh; Intel Mac OS X 10.15; rv:77.0) Gecko/20100101Firefox/77.0"
34.204.205.123 - - [30/Oct/2023:16:08:43 +0000] "GET /sources/.env HTTP/1.1" 404 6869 "-" "Mozilla/5.0 (Macintosh; Intel Mac OS X 10.15; rv:77.0) Gecko/20100101Firefox/77.0"
34.204.205.123 - - [30/Oct/2023:16:08:43 +0000] "POST /sources/.env HTTP/1.1" 404 6869 "-" "Mozilla/5.0 (Macintosh; Intel Mac OS X 10.15; rv:77.0) Gecko/20100101Firefox/77.0"
34.204.205.123 - - [30/Oct/2023:16:08:43 +0000] "GET /cp/.env HTTP/1.1" 404 6869 "-" "Mozilla/5.0 (Macintosh; Intel Mac OS X 10.15; rv:77.0) Gecko/20100101Firefox/77.0"
34.204.205.123 - - [30/Oct/2023:16:08:43 +0000] "POST /cp/.env HTTP/1.1" 404 6869 "-" "Mozilla/5.0 (Macintosh; Intel Mac OS X 10.15; rv:77.0) Gecko/20100101Firefox/77.0"
34.204.205.123 - - [30/Oct/2023:16:08:43 +0000] "GET /download/.env HTTP/1.1" 404 6869 "-" "Mozilla/5.0 (Macintosh; Intel Mac OS X 10.15; rv:77.0) Gecko/20100101Firefox/77.0"
34.204.205.123 - - [30/Oct/2023:16:08:43 +0000] "POST /download/.env HTTP/1.1" 404 6869 "-" "Mozilla/5.0 (Macintosh; Intel Mac OS X 10.15; rv:77.0) Gecko/20100101Firefox/77.0"
34.204.205.123 - - [30/Oct/2023:16:08:43 +0000] "GET /.env.development.local HTTP/1.1" 404 6869 "-" "Mozilla/5.0 (Macintosh; Intel Mac OS X 10.15; rv:77.0) Gecko/20100101Firefox/77.0"
34.204.205.123 - - [30/Oct/2023:16:08:44 +0000] "POST /.env.development.local HTTP/1.1" 404 6869 "-" "Mozilla/5.0 (Macintosh; Intel Mac OS X 10.15; rv:77.0) Gecko/20100101Firefox/77.0"
34.204.205.123 - - [30/Oct/2023:16:08:44 +0000] "GET /.env.production.local HTTP/1.1" 404 6869 "-" "Mozilla/5.0 (Macintosh; Intel Mac OS X 10.15; rv:77.0) Gecko/20100101Firefox/77.0"
34.204.205.123 - - [30/Oct/2023:16:08:44 +0000] "POST /.env.production.local HTTP/1.1" 404 6869 "-" "Mozilla/5.0 (Macintosh; Intel Mac OS X 10.15; rv:77.0) Gecko/20100101Firefox/77.0"
34.204.205.123 - - [30/Oct/2023:16:08:44 +0000] "GET /database/.env HTTP/1.1" 404 6869 "-" "Mozilla/5.0 (Macintosh; Intel Mac OS X 10.15; rv:77.0) Gecko/20100101Firefox/77.0"
34.204.205.123 - - [30/Oct/2023:16:08:44 +0000] "POST /database/.env HTTP/1.1" 404 6869 "-" "Mozilla/5.0 (Macintosh; Intel Mac OS X 10.15; rv:77.0) Gecko/20100101Firefox/77.0"
34.204.205.123 - - [30/Oct/2023:16:08:44 +0000] "GET /v1/.env HTTP/1.1" 404 6869 "-" "Mozilla/5.0 (Macintosh; Intel Mac OS X 10.15; rv:77.0) Gecko/20100101Firefox/77.0"
34.204.205.123 - - [30/Oct/2023:16:08:44 +0000] "POST /v1/.env HTTP/1.1" 404 6869 "-" "Mozilla/5.0 (Macintosh; Intel Mac OS X 10.15; rv:77.0) Gecko/20100101Firefox/77.0"
34.204.205.123 - - [30/Oct/2023:16:08:45 +0000] "GET /.env.development HTTP/1.1" 404 6869 "-" "Mozilla/5.0 (Macintosh; Intel Mac OS X 10.15; rv:77.0) Gecko/20100101Firefox/77.0"
34.204.205.123 - - [30/Oct/2023:16:08:45 +0000] "POST /.env.development HTTP/1.1" 404 6869 "-" "Mozilla/5.0 (Macintosh; Intel Mac OS X 10.15; rv:77.0) Gecko/20100101Firefox/77.0"
34.204.205.123 - - [30/Oct/2023:16:08:45 +0000] "GET /blogs/.env HTTP/1.1" 404 6869 "-" "Mozilla/5.0 (Macintosh; Intel Mac OS X 10.15; rv:77.0) Gecko/20100101Firefox/77.0"
34.204.205.123 - - [30/Oct/2023:16:08:45 +0000] "POST /blogs/.env HTTP/1.1" 404 6869 "-" "Mozilla/5.0 (Macintosh; Intel Mac OS X 10.15; rv:77.0) Gecko/20100101Firefox/77.0"
34.204.205.123 - - [30/Oct/2023:16:08:45 +0000] "GET /back/.env HTTP/1.1" 404 6869 "-" "Mozilla/5.0 (Macintosh; Intel Mac OS X 10.15; rv:77.0) Gecko/20100101Firefox/77.0"
34.204.205.123 - - [30/Oct/2023:16:08:45 +0000] "POST /back/.env HTTP/1.1" 404 6869 "-" "Mozilla/5.0 (Macintosh; Intel Mac OS X 10.15; rv:77.0) Gecko/20100101Firefox/77.0"
34.204.205.123 - - [30/Oct/2023:16:08:45 +0000] "GET /.env.production HTTP/1.1" 404 6869 "-" "Mozilla/5.0 (Macintosh; Intel Mac OS X 10.15; rv:77.0) Gecko/20100101Firefox/77.0"
34.204.205.123 - - [30/Oct/2023:16:08:45 +0000] "POST /.env.production HTTP/1.1" 404 6869 "-" "Mozilla/5.0 (Macintosh; Intel Mac OS X 10.15; rv:77.0) Gecko/20100101Firefox/77.0"
34.204.205.123 - - [30/Oct/2023:16:08:46 +0000] "GET /core/Datavase/.env HTTP/1.1" 404 6869 "-" "Mozilla/5.0 (Macintosh; Intel Mac OS X 10.15; rv:77.0) Gecko/20100101Firefox/77.0"
34.204.205.123 - - [30/Oct/2023:16:08:46 +0000] "POST /core/Datavase/.env HTTP/1.1" 404 6869 "-" "Mozilla/5.0 (Macintosh; Intel Mac OS X 10.15; rv:77.0) Gecko/20100101Firefox/77.0"
34.204.205.123 - - [30/Oct/2023:16:08:46 +0000] "GET /live_env HTTP/1.1" 404 6869 "-" "Mozilla/5.0 (Macintosh; Intel Mac OS X 10.15; rv:77.0) Gecko/20100101Firefox/77.0"
34.204.205.123 - - [30/Oct/2023:16:08:46 +0000] "POST /live_env HTTP/1.1" 404 6869 "-" "Mozilla/5.0 (Macintosh; Intel Mac OS X 10.15; rv:77.0) Gecko/20100101Firefox/77.0"
34.204.205.123 - - [30/Oct/2023:16:08:46 +0000] "GET /api/.env HTTP/1.1" 404 6901 "-" "Mozilla/5.0 (Macintosh; Intel Mac OS X 10.15; rv:77.0) Gecko/20100101Firefox/77.0"
34.204.205.123 - - [30/Oct/2023:16:08:46 +0000] "POST /api/.env HTTP/1.1" 404 6901 "-" "Mozilla/5.0 (Macintosh; Intel Mac OS X 10.15; rv:77.0) Gecko/20100101Firefox/77.0"
34.204.205.123 - - [30/Oct/2023:16:08:46 +0000] "GET /fedex/.env HTTP/1.1" 404 6869 "-" "Mozilla/5.0 (Macintosh; Intel Mac OS X 10.15; rv:77.0) Gecko/20100101Firefox/77.0"
34.204.205.123 - - [30/Oct/2023:16:08:46 +0000] "POST /fedex/.env HTTP/1.1" 404 6869 "-" "Mozilla/5.0 (Macintosh; Intel Mac OS X 10.15; rv:77.0) Gecko/20100101Firefox/77.0"
34.204.205.123 - - [30/Oct/2023:16:08:47 +0000] "GET /lib/.env HTTP/1.1" 404 6869 "-" "Mozilla/5.0 (Macintosh; Intel Mac OS X 10.15; rv:77.0) Gecko/20100101Firefox/77.0"
34.204.205.123 - - [30/Oct/2023:16:08:47 +0000] "POST /lib/.env HTTP/1.1" 404 6869 "-" "Mozilla/5.0 (Macintosh; Intel Mac OS X 10.15; rv:77.0) Gecko/20100101Firefox/77.0"
34.204.205.123 - - [30/Oct/2023:16:08:47 +0000] "GET /.env.dev HTTP/1.1" 404 6869 "-" "Mozilla/5.0 (Macintosh; Intel Mac OS X 10.15; rv:77.0) Gecko/20100101Firefox/77.0"
34.204.205.123 - - [30/Oct/2023:16:08:47 +0000] "POST /.env.dev HTTP/1.1" 404 6869 "-" "Mozilla/5.0 (Macintosh; Intel Mac OS X 10.15; rv:77.0) Gecko/20100101Firefox/77.0"
34.204.205.123 - - [30/Oct/2023:16:08:47 +0000] "GET /application/.env HTTP/1.1" 404 6869 "-" "Mozilla/5.0 (Macintosh; Intel Mac OS X 10.15; rv:77.0) Gecko/20100101Firefox/77.0"
34.204.205.123 - - [30/Oct/2023:16:08:47 +0000] "POST /application/.env HTTP/1.1" 404 6869 "-" "Mozilla/5.0 (Macintosh; Intel Mac OS X 10.15; rv:77.0) Gecko/20100101Firefox/77.0"
34.204.205.123 - - [30/Oct/2023:16:08:47 +0000] "GET /frontend_dev.php/$ HTTP/1.1" 404 6869 "-" "Mozilla/5.0 (Macintosh; Intel Mac OS X 10.15; rv:77.0) Gecko/20100101Firefox/77.0"
185.254.196.186 - - [30/Oct/2023:16:14:42 +0000] "GET /.env HTTP/1.1" 404 6869 "-" "Mozilla/5.0 (X11; Linux x86_64) AppleWebKit/537.36 (KHTML, like Gecko) Chrome/81.0.4044.129 Safari/537.36"
185.254.196.186 - - [30/Oct/2023:16:14:43 +0000] "POST / HTTP/1.1" 405 221343 "-" "Mozilla/5.0 (X11; Linux x86_64) AppleWebKit/537.36 (KHTML, like Gecko) Chrome/81.0.4044.129 Safari/537.36"
107.170.240.57 - - [30/Oct/2023:16:22:04 +0000] "GET /actuator/health HTTP/1.1" 404 6813 "-" "Mozilla/5.0 zgrab/0.x"
135.125.246.189 - - [30/Oct/2023:16:25:12 +0000] "GET /.env HTTP/1.1" 404 6869 "-" "Mozilla/5.0 (X11; Linux x86_64) AppleWebKit/537.36 (KHTML, like Gecko) Chrome/81.0.4044.129 Safari/537.36"
135.125.246.189 - - [30/Oct/2023:16:25:13 +0000] "POST / HTTP/1.1" 405 221341 "-" "Mozilla/5.0 (X11; Linux x86_64) AppleWebKit/537.36 (KHTML, like Gecko) Chrome/81.0.4044.129 Safari/537.36"
18.153.68.253 - - [30/Oct/2023:16:42:03 +0000] "\x16\x03\x01" 400 483 "-" "-"
18.153.68.253 - - [30/Oct/2023:16:42:03 +0000] "\x16\x03\x01" 400 483 "-" "-"
18.153.68.253 - - [30/Oct/2023:16:42:05 +0000] "\x16\x03\x01" 400 483 "-" "-"
18.153.68.253 - - [30/Oct/2023:16:42:05 +0000] "\x16\x03\x01" 400 483 "-" "-"
